// Jest Snapshot v1, https://goo.gl/fbAQLP

exports[`the behavior of Header Component should shallow render a Header. 1`] = `undefined`;

exports[`the behavior of Templates Component should shallow render a Templates. 1`] = `
<header
  className="header"
>
  <Link
    className="header__title"
    to="/dashboard"
  >
    <h1>
       Boilerplate 
    </h1>
  </Link>
  <div
    className="header__right"
  >
    <WithStyles(ForwardRef(Button))
      className="header__button"
      color="primary"
      onClick={[MockFunction]}
      variant="contained"
    >
      Logout
    </WithStyles(ForwardRef(Button))>
    <WithStyles(ForwardRef(Avatar))
      className="header__avatar"
    >
       
       
    </WithStyles(ForwardRef(Avatar))>
  </div>
</header>
`;
